
> frontend@0.0.0 build
> vite build

[36mvite v7.3.1 [32mbuilding client environment for production...[36m[39m
transforming...
[32mΓ£ô[39m 16 modules transformed.
node.exe : 
[31mΓ£ù[39m Build 
failed in 362ms
At line:1 char:1
+ & "C:\Program 
Files\nodejs/node.exe" 
"C:\Program 
Files\nodejs/node_mo 
...
+ ~~~~~~~~~~~~~~~~~~~~~
~~~~~~~~~~~~~~~~~~~~~~~
~~~~~~~~~~~~~~~~~~~~~~~
~~
    + CategoryInfo     
         : NotSpecifi  
  ed: ([31mΓ£ù[39m   
  Build failed in 3    
62ms:String) [], R    
emoteException
    + FullyQualifiedEr 
   rorId : NativeComm  
  andError
 
[31merror during 
build:
[31m[vite:esbuild] 
Transform failed with 
1 error:
C:/Users/sanka/Download
s/lab based project/fro
ntend/src/pages/Student
Test.jsx:22:45: ERROR: 
Syntax error "`"[31m
file: [36mC:/Users/san
ka/Downloads/lab based 
project/frontend/src/pa
ges/StudentTest.jsx:22:
45[31m
[33m
[33mSyntax error 
"`"[33m
20 |              
const token = localStor
age.getItem('token');
21 |              
const res = await fetch
(`/api/questions/test?c
ategory=\${category}`, 
{
22 |                  
headers: { 
'Authorization': 
\`Bearer \${token}\` }
   |                   
                       
     ^
23 |              });
24 |              
const data = await 
res.json();
[31m
    at 
failureErrorWithLog (C:
\Users\sanka\Downloads\
lab based project\front
end\node_modules\esbuil
d\lib\main.js:1467:15)
    at C:\Users\sanka\D
ownloads\lab based proj
ect\frontend\node_modul
es\esbuild\lib\main.js:
736:50
    at responseCallback
s.<computed> (C:\Users\
sanka\Downloads\lab 
based project\frontend\
node_modules\esbuild\li
b\main.js:603:9)
    at 
handleIncomingPacket (C
:\Users\sanka\Downloads
\lab based project\fron
tend\node_modules\esbui
ld\lib\main.js:658:12)
    at 
Socket.readFromStdout (
C:\Users\sanka\Download
s\lab based project\fro
ntend\node_modules\esbu
ild\lib\main.js:581:7)
    at Socket.emit 
(node:events:519:28)
    at addChunk (node:i
nternal/streams/readabl
e:561:12)
    at readableAddChunk
PushByteMode (node:inte
rnal/streams/readable:5
12:3)
    at Readable.push (n
ode:internal/streams/re
adable:392:5)
    at 
Pipe.onStreamRead (node
:internal/stream_base_c
ommons:189:23)[39m
